// Jest Snapshot v1, https://goo.gl/fbAQLP

exports[`RegisterScan.jsxのテスト スナップショット 正しいレンダリング 1`] = `
<div
  className="main"
>
  <div
    className="contentWithButton scanText"
  >
    カードをスキャンして下さい。
  </div>
  <div
    className="singleButton"
  >
    <button
      className="default"
      onClick={[Function]}
    >
      キャンセル
    </button>
  </div>
</div>
`;
