// Jest Snapshot v1, https://goo.gl/fbAQLP

exports[`Participantのテスト スナップショット 正しいレンダリング 1`] = `
<div
  className="flame"
>
  <div
    className="list"
  >
    <div
      className="header"
    >
      <div
        className="columnName border"
      >
        名前
      </div>
      <div
        className="columnPurpose border"
      >
        目的
      </div>
      <div
        className="columnStatus"
      >
        入退室
      </div>
    </div>
    <div
      className="body"
    >
      <ul>
        <li
          className="buttom"
        >
          <div
            className="columnName border"
          >
            name1
          </div>
          <div
            className="columnPurpose border "
          >
            
          </div>
          <div
            className="columnStatus entry"
          >
            入
          </div>
        </li>
        <li
          className="buttom"
        >
          <div
            className="columnName border"
          >
            name2
          </div>
          <div
            className="columnPurpose border "
          >
            
          </div>
          <div
            className="columnStatus entry"
          >
            入
          </div>
        </li>
        <li
          className="buttom"
        >
          <div
            className="columnName border"
          >
            name3
          </div>
          <div
            className="columnPurpose border "
          >
            
          </div>
          <div
            className="columnStatus entry"
          >
            入
          </div>
        </li>
        <li
          className="buttom"
        >
          <div
            className="columnName border"
          >
            name4
          </div>
          <div
            className="columnPurpose border "
          >
            
          </div>
          <div
            className="columnStatus entry"
          >
            入
          </div>
        </li>
        <li
          className="buttom"
        >
          <div
            className="columnName border"
          >
            name5
          </div>
          <div
            className="columnPurpose border "
          >
            
          </div>
          <div
            className="columnStatus exit"
          >
            退
          </div>
        </li>
      </ul>
    </div>
  </div>
</div>
`;
