// Jest Snapshot v1, https://goo.gl/fbAQLP

exports[`RegisterFailed.jsxのテスト スナップショット 正しいレンダリング 1`] = `
<div
  className="main"
>
  <div
    className="contentWithButton textOnly"
  >
    登録に失敗しました
  </div>
  <div
    className="singleButton"
  >
    <button
      className="default"
      onClick={[Function]}
    >
      入力画面に戻る
    </button>
  </div>
</div>
`;
